// Vitest Snapshot v1, https://vitest.dev/guide/snapshot.html

exports[`BuildHistory > should render the component 1`] = `
<div>
  <div
    class="css-mxqn1d"
  >
    <div
      class="css-12j1nmi"
    >
      <div
        style="position: relative; width: 179px;"
      >
        <div
          class="css-15vwjnl"
          max="13.698697833016233"
        />
        <div
          class="css-19zlhna"
          max="6.232446278405114"
        />
        <div
          class="css-1hm00j7"
          max="7.233986475912793"
        />
        <div
          class="css-1je50oj"
          max="100"
        />
        <div
          class="css-1rckjuv"
          max="38.15901097905496"
        />
        <div
          class="css-5uuauc"
          max="15.191948143938458"
        />
        <div
          class="css-1g90bfm"
          max="5.592481859438446"
        />
        <div
          class="css-148582a"
          max="0"
        />
        <div
          class="css-yyu4jy"
          max="0"
        />
        <div
          class="css-1fqssq5"
          max="0"
        />
        <div
          class="css-klpgw9"
          max="0"
        />
        <div
          class="css-1crqmc2"
          max="0"
        />
        <div
          class="css-1xyk97i"
          max="0"
        />
        <div
          class="css-1pdbres"
          max="0"
        />
        <div
          class="css-1ciawv4"
          max="0"
        />
        <div
          class="css-14s0ibw"
          max="0"
        />
        <div
          class="css-1vmcux9"
          max="0"
        />
        <div
          class="css-1hj9s5a"
          max="0"
        />
      </div>
    </div>
    <div
      class="css-1j8ni2y"
    >
      <div>
        Speed
      </div>
      <div
        class="css-1o76smw"
      >
        32.28
        <span
          class="css-n3629o"
        >
          s
        </span>
      </div>
    </div>
    <div
      class="css-1j8ni2y"
    >
      <div>
        Reliability
      </div>
      <div
        class="css-1o76smw"
      >
        71.43
        <span
          class="css-n3629o"
        >
          %
        </span>
      </div>
    </div>
    <div
      class="css-1j8ni2y"
    >
      <div>
        Builds
      </div>
      <div
        class="css-1o76smw"
      >
        2
        <span
          class="css-n3629o"
        >
          / week
        </span>
      </div>
    </div>
    <div
      class="css-1gtb97y"
    >
      <svg
        aria-hidden="true"
        class="StyledIconBase-sc-ea9ulj-0 jvZCGA"
        color="#05f076"
        fill="currentColor"
        focusable="false"
        height="24"
        viewBox="0 0 16 16"
        width="24"
        xmlns="http://www.w3.org/2000/svg"
      >
        <path
          d="M8 15A7 7 0 1 1 8 1a7 7 0 0 1 0 14zm0 1A8 8 0 1 0 8 0a8 8 0 0 0 0 16z"
        />
        <path
          d="M10.97 4.97a.235.235 0 0 0-.02.022L7.477 9.417 5.384 7.323a.75.75 0 0 0-1.06 1.06L6.97 11.03a.75.75 0 0 0 1.079-.02l3.992-4.99a.75.75 0 0 0-1.071-1.05z"
        />
      </svg>
    </div>
  </div>
</div>
`;
