// Vitest Snapshot v1, https://vitest.dev/guide/snapshot.html

exports[`CodePreview > should render the component 1`] = `
<div>
  <div
    class="css-38orqy"
  >
    <div
      class=""
      data-baseweb="select"
    >
      <div
        class=""
      >
        <div
          class=""
        >
          <div
            class=""
            value="github"
          >
            Github Actions
          </div>
          <div
            class=""
          >
            <input
              aria-autocomplete="list"
              aria-expanded="false"
              aria-haspopup="listbox"
              aria-label="Selected Github Actions. "
              class=""
              role="combobox"
              tabindex="0"
              value=""
            />
            <div
              class=""
            />
          </div>
        </div>
        <div
          class=""
        >
          <svg
            class=""
            data-baseweb="icon"
            title="open"
            viewBox="0 0 24 24"
          >
            <title>
              open
            </title>
            <path
              d="M12.7071 15.2929L17.1464 10.8536C17.4614 10.5386 17.2383 10 16.7929 10L7.20711 10C6.76165 10 6.53857 10.5386 6.85355 10.8536L11.2929 15.2929C11.6834 15.6834 12.3166 15.6834 12.7071 15.2929Z"
            />
          </svg>
        </div>
      </div>
    </div>
  </div>
  <div
    class="Code"
    style="margin-top: 50px;"
  >
    <pre
      class="language-yaml"
      style="position: relative;"
      tabindex="0"
    >
      <div
        class="css-868fxl"
      >
        <button
          class="css-19nl8qs"
        >
          <svg
            aria-hidden="true"
            class="StyledIconBase-sc-ea9ulj-0 gEpWWb"
            fill="currentColor"
            focusable="false"
            height="18"
            viewBox="0 0 512 512"
            width="18"
            xmlns="http://www.w3.org/2000/svg"
          >
            <rect
              fill="none"
              height="336"
              rx="57"
              ry="57"
              stroke="currentColor"
              stroke-linejoin="round"
              stroke-width="32"
              width="336"
              x="128"
              y="128"
            />
            <path
              d="m383.5 128 .5-24a56.16 56.16 0 0 0-56-56H112a64.19 64.19 0 0 0-64 64v216a56.16 56.16 0 0 0 56 56h24"
              fill="none"
              stroke="currentColor"
              stroke-linecap="round"
              stroke-linejoin="round"
              stroke-width="32"
            />
          </svg>
        </button>
        <button
          class="css-19nl8qs"
        >
          <svg
            aria-hidden="true"
            class="StyledIconBase-sc-ea9ulj-0 gEpWWb"
            fill="currentColor"
            focusable="false"
            height="18"
            viewBox="0 0 16 16"
            width="18"
            xmlns="http://www.w3.org/2000/svg"
          >
            <path
              d="M.5 9.9a.5.5 0 0 1 .5.5v2.5a1 1 0 0 0 1 1h12a1 1 0 0 0 1-1v-2.5a.5.5 0 0 1 1 0v2.5a2 2 0 0 1-2 2H2a2 2 0 0 1-2-2v-2.5a.5.5 0 0 1 .5-.5z"
            />
            <path
              d="M7.646 11.854a.5.5 0 0 0 .708 0l3-3a.5.5 0 0 0-.708-.708L8.5 10.293V1.5a.5.5 0 0 0-1 0v8.793L5.354 8.146a.5.5 0 1 0-.708.708l3 3z"
            />
          </svg>
        </button>
      </div>
      <code
        class="language-yaml"
      >
        <span
          class="token key atrule"
        >
          name
        </span>
        <span
          class="token punctuation"
        >
          :
        </span>
         lint and test

        <span
          class="token key atrule"
        >
          on
        </span>
        <span
          class="token punctuation"
        >
          :
        </span>
        
  
        <span
          class="token key atrule"
        >
          push
        </span>
        <span
          class="token punctuation"
        >
          :
        </span>
        
    
        <span
          class="token key atrule"
        >
          branches
        </span>
        <span
          class="token punctuation"
        >
          :
        </span>
        
      
        <span
          class="token punctuation"
        >
          -
        </span>
         main

        <span
          class="token key atrule"
        >
          jobs
        </span>
        <span
          class="token punctuation"
        >
          :
        </span>
        
  
        <span
          class="token key atrule"
        >
          tests
        </span>
        <span
          class="token punctuation"
        >
          :
        </span>
        
    
        <span
          class="token key atrule"
        >
          runs-on
        </span>
        <span
          class="token punctuation"
        >
          :
        </span>
         ubuntu
        <span
          class="token punctuation"
        >
          -
        </span>
        latest
    
        <span
          class="token key atrule"
        >
          steps
        </span>
        <span
          class="token punctuation"
        >
          :
        </span>
        
      
        <span
          class="token punctuation"
        >
          -
        </span>
         
        <span
          class="token key atrule"
        >
          uses
        </span>
        <span
          class="token punctuation"
        >
          :
        </span>
         actions/checkout@v2
      
        <span
          class="token punctuation"
        >
          -
        </span>
         
        <span
          class="token key atrule"
        >
          name
        </span>
        <span
          class="token punctuation"
        >
          :
        </span>
         Setup Fluent CI
        
        <span
          class="token key atrule"
        >
          uses
        </span>
        <span
          class="token punctuation"
        >
          :
        </span>
         fluentci
        <span
          class="token punctuation"
        >
          -
        </span>
        io/setup
        <span
          class="token punctuation"
        >
          -
        </span>
        fluentci@v5
        
        <span
          class="token key atrule"
        >
          with
        </span>
        <span
          class="token punctuation"
        >
          :
        </span>
        
          
        <span
          class="token key atrule"
        >
          wasm
        </span>
        <span
          class="token punctuation"
        >
          :
        </span>
         
        <span
          class="token boolean important"
        >
          true
        </span>
        
          
        <span
          class="token key atrule"
        >
          pipeline
        </span>
        <span
          class="token punctuation"
        >
          :
        </span>
         deno
          
        <span
          class="token key atrule"
        >
          args
        </span>
        <span
          class="token punctuation"
        >
          :
        </span>
         
        <span
          class="token punctuation"
        >
          |
        </span>
        <span
          class="token scalar string"
        >
          
            fmt
            lint
            test
            coverage
        </span>
        
      
        <span
          class="token punctuation"
        >
          -
        </span>
         
        <span
          class="token key atrule"
        >
          name
        </span>
        <span
          class="token punctuation"
        >
          :
        </span>
         Upload to Codecov
        
        <span
          class="token key atrule"
        >
          run
        </span>
        <span
          class="token punctuation"
        >
          :
        </span>
         fluentci run 
        <span
          class="token punctuation"
        >
          -
        </span>
        <span
          class="token punctuation"
        >
          -
        </span>
        wasm codecov upload
        
        <span
          class="token key atrule"
        >
          env
        </span>
        <span
          class="token punctuation"
        >
          :
        </span>
        
          
        <span
          class="token key atrule"
        >
          CODECOV_TOKEN
        </span>
        <span
          class="token punctuation"
        >
          :
        </span>
         $
        <span
          class="token punctuation"
        >
          {
        </span>
        <span
          class="token punctuation"
        >
          {
        </span>
         secrets.CODECOV_TOKEN 
        <span
          class="token punctuation"
        >
          }
        </span>
        <span
          class="token punctuation"
        >
          }
        </span>
      </code>
    </pre>
  </div>
</div>
`;
