// Vitest Snapshot v1, https://vitest.dev/guide/snapshot.html

exports[`Menu > should render the component 1`] = `
<div>
  <div
    class="css-868fxl"
  >
    <button
      class="css-19nl8qs"
    >
      <svg
        aria-hidden="true"
        class="StyledIconBase-sc-ea9ulj-0 jvZCGA"
        fill="currentColor"
        focusable="false"
        height="18"
        viewBox="0 0 512 512"
        width="18"
        xmlns="http://www.w3.org/2000/svg"
      >
        <rect
          fill="none"
          height="336"
          rx="57"
          ry="57"
          stroke="currentColor"
          stroke-linejoin="round"
          stroke-width="32"
          width="336"
          x="128"
          y="128"
        />
        <path
          d="m383.5 128 .5-24a56.16 56.16 0 0 0-56-56H112a64.19 64.19 0 0 0-64 64v216a56.16 56.16 0 0 0 56 56h24"
          fill="none"
          stroke="currentColor"
          stroke-linecap="round"
          stroke-linejoin="round"
          stroke-width="32"
        />
      </svg>
    </button>
    <button
      class="css-19nl8qs"
    >
      <svg
        aria-hidden="true"
        class="StyledIconBase-sc-ea9ulj-0 jvZCGA"
        fill="currentColor"
        focusable="false"
        height="18"
        viewBox="0 0 16 16"
        width="18"
        xmlns="http://www.w3.org/2000/svg"
      >
        <path
          d="M.5 9.9a.5.5 0 0 1 .5.5v2.5a1 1 0 0 0 1 1h12a1 1 0 0 0 1-1v-2.5a.5.5 0 0 1 1 0v2.5a2 2 0 0 1-2 2H2a2 2 0 0 1-2-2v-2.5a.5.5 0 0 1 .5-.5z"
        />
        <path
          d="M7.646 11.854a.5.5 0 0 0 .708 0l3-3a.5.5 0 0 0-.708-.708L8.5 10.293V1.5a.5.5 0 0 0-1 0v8.793L5.354 8.146a.5.5 0 1 0-.708.708l3 3z"
        />
      </svg>
    </button>
  </div>
</div>
`;
