// Vitest Snapshot v1, https://vitest.dev/guide/snapshot.html

exports[`ViewMode > should render 1`] = `
<div>
  <div
    class="css-1rwt18y"
  >
    <button
      class="css-olxsem"
    >
      <svg
        aria-hidden="true"
        class="StyledIconBase-sc-ea9ulj-0 gEpWWb"
        color="#fff"
        fill="currentColor"
        focusable="false"
        height="15"
        viewBox="0 0 16 16"
        width="15"
        xmlns="http://www.w3.org/2000/svg"
      >
        <path
          d="M3 0h10a2 2 0 0 1 2 2v3a2 2 0 0 1-2 2H3a2 2 0 0 1-2-2V2a2 2 0 0 1 2-2zm0 1a1 1 0 0 0-1 1v3a1 1 0 0 0 1 1h10a1 1 0 0 0 1-1V2a1 1 0 0 0-1-1H3zm0 8h10a2 2 0 0 1 2 2v3a2 2 0 0 1-2 2H3a2 2 0 0 1-2-2v-3a2 2 0 0 1 2-2zm0 1a1 1 0 0 0-1 1v3a1 1 0 0 0 1 1h10a1 1 0 0 0 1-1v-3a1 1 0 0 0-1-1H3z"
        />
      </svg>
    </button>
    <button
      class="css-ualqix"
    >
      <svg
        aria-hidden="true"
        class="StyledIconBase-sc-ea9ulj-0 gEpWWb"
        color="#fff"
        fill="currentColor"
        focusable="false"
        height="21"
        viewBox="0 0 16 16"
        width="21"
        xmlns="http://www.w3.org/2000/svg"
      >
        <path
          d="M5.854 4.854a.5.5 0 1 0-.708-.708l-3.5 3.5a.5.5 0 0 0 0 .708l3.5 3.5a.5.5 0 0 0 .708-.708L2.707 8l3.147-3.146zm4.292 0a.5.5 0 0 1 .708-.708l3.5 3.5a.5.5 0 0 1 0 .708l-3.5 3.5a.5.5 0 0 1-.708-.708L13.293 8l-3.147-3.146z"
        />
      </svg>
    </button>
  </div>
</div>
`;
